<?xml version="1.0" encoding="UTF-8"?>
<testsuites name="Mocha Tests" time="9.077" tests="4" failures="0">
  <testsuite name="Root Suite" timestamp="2019-03-05T16:00:41" tests="0" failures="0" time="0">
  </testsuite>
  <testsuite name="/GET all products" timestamp="2019-03-05T16:00:41" tests="1" file="C:\devopsdemo\restapi_mysql_sk\test\testproducts.js" failures="0" time="6.503">
    <testcase name="/GET all products it should GET all the bookings" time="6.503" classname="it should GET all the bookings">
    </testcase>
  </testsuite>
  <testsuite name="/POST add a product" timestamp="2019-03-05T16:00:48" tests="1" file="C:\devopsdemo\restapi_mysql_sk\test\testproducts.js" failures="0" time="1.121">
    <testcase name="/POST add a product Post a booking" time="1.121" classname="Post a booking">
    </testcase>
  </testsuite>
  <testsuite name="/PUT change a product" timestamp="2019-03-05T16:00:49" tests="1" file="C:\devopsdemo\restapi_mysql_sk\test\testproducts.js" failures="0" time="0.719">
    <testcase name="/PUT change a product PUT a booking" time="0.719" classname="PUT a booking">
    </testcase>
  </testsuite>
  <testsuite name="/DELETE a product" timestamp="2019-03-05T16:00:49" tests="1" file="C:\devopsdemo\restapi_mysql_sk\test\testproducts.js" failures="0" time="0.734">
    <testcase name="/DELETE a product DELETE a booking" time="0.734" classname="DELETE a booking">
    </testcase>
  </testsuite>
</testsuites>